Archive member included because of file (symbol)

/Users/pythe/pebble-dev/PebbleSDK-2.0-BETA4/Pebble/lib/libpebble.a(tmp9Q2g01pebble.o)
                              src/more-than-meets-the-eye.c.11.o (accel_tap_service_subscribe)

Allocating common symbols
Common symbol       size              file

logo_layer          0x4               src/more-than-meets-the-eye.c.11.o
text_parking_layer  0x4               src/more-than-meets-the-eye.c.11.o
autobots_bmp        0x4               src/more-than-meets-the-eye.c.11.o
text_time_layer     0x4               src/more-than-meets-the-eye.c.11.o
text_date_layer     0x4               src/more-than-meets-the-eye.c.11.o
decepticons_bmp     0x4               src/more-than-meets-the-eye.c.11.o
line_layer          0x4               src/more-than-meets-the-eye.c.11.o

Discarded input sections

 .text          0x0000000000000000        0x0 /Users/pythe/pebble-dev/pebble-arm-cs-tools/bin/../lib/gcc/arm-none-eabi/4.6.3/thumb2/crti.o
 .bss           0x0000000000000000        0x0 /Users/pythe/pebble-dev/pebble-arm-cs-tools/bin/../lib/gcc/arm-none-eabi/4.6.3/thumb2/crti.o
 .init          0x0000000000000000        0x4 /Users/pythe/pebble-dev/pebble-arm-cs-tools/bin/../lib/gcc/arm-none-eabi/4.6.3/thumb2/crti.o
 .fini          0x0000000000000000        0x4 /Users/pythe/pebble-dev/pebble-arm-cs-tools/bin/../lib/gcc/arm-none-eabi/4.6.3/thumb2/crti.o
 .text          0x0000000000000000       0x68 /Users/pythe/pebble-dev/pebble-arm-cs-tools/bin/../lib/gcc/arm-none-eabi/4.6.3/thumb2/crtbegin.o
 .bss           0x0000000000000000       0x1c /Users/pythe/pebble-dev/pebble-arm-cs-tools/bin/../lib/gcc/arm-none-eabi/4.6.3/thumb2/crtbegin.o
 .init_array    0x0000000000000000        0x4 /Users/pythe/pebble-dev/pebble-arm-cs-tools/bin/../lib/gcc/arm-none-eabi/4.6.3/thumb2/crtbegin.o
 .fini_array    0x0000000000000000        0x4 /Users/pythe/pebble-dev/pebble-arm-cs-tools/bin/../lib/gcc/arm-none-eabi/4.6.3/thumb2/crtbegin.o
 .eh_frame      0x0000000000000000        0x0 /Users/pythe/pebble-dev/pebble-arm-cs-tools/bin/../lib/gcc/arm-none-eabi/4.6.3/thumb2/crtbegin.o
 .jcr           0x0000000000000000        0x0 /Users/pythe/pebble-dev/pebble-arm-cs-tools/bin/../lib/gcc/arm-none-eabi/4.6.3/thumb2/crtbegin.o
 .text          0x0000000000000000        0x0 src/more-than-meets-the-eye.c.11.o
 .bss           0x0000000000000000        0x0 src/more-than-meets-the-eye.c.11.o
 .text          0x0000000000000000        0x0 appinfo.auto.c.11.o
 .bss           0x0000000000000000        0x0 appinfo.auto.c.11.o
 .bss           0x0000000000000000        0x0 /Users/pythe/pebble-dev/PebbleSDK-2.0-BETA4/Pebble/lib/libpebble.a(tmp9Q2g01pebble.o)
 .text.accel_data_service_subscribe__deprecated
                0x0000000000000000        0xc /Users/pythe/pebble-dev/PebbleSDK-2.0-BETA4/Pebble/lib/libpebble.a(tmp9Q2g01pebble.o)
 .text.accel_data_service_unsubscribe
                0x0000000000000000        0xc /Users/pythe/pebble-dev/PebbleSDK-2.0-BETA4/Pebble/lib/libpebble.a(tmp9Q2g01pebble.o)
 .text.accel_service_peek
                0x0000000000000000        0xc /Users/pythe/pebble-dev/PebbleSDK-2.0-BETA4/Pebble/lib/libpebble.a(tmp9Q2g01pebble.o)
 .text.accel_service_set_samples_per_update
                0x0000000000000000        0xc /Users/pythe/pebble-dev/PebbleSDK-2.0-BETA4/Pebble/lib/libpebble.a(tmp9Q2g01pebble.o)
 .text.accel_service_set_sampling_rate
                0x0000000000000000        0xc /Users/pythe/pebble-dev/PebbleSDK-2.0-BETA4/Pebble/lib/libpebble.a(tmp9Q2g01pebble.o)
 .text.action_bar_layer_add_to_window
                0x0000000000000000        0xc /Users/pythe/pebble-dev/PebbleSDK-2.0-BETA4/Pebble/lib/libpebble.a(tmp9Q2g01pebble.o)
 .text.action_bar_layer_clear_icon
                0x0000000000000000        0xc /Users/pythe/pebble-dev/PebbleSDK-2.0-BETA4/Pebble/lib/libpebble.a(tmp9Q2g01pebble.o)
 .text.action_bar_layer_create
                0x0000000000000000        0xc /Users/pythe/pebble-dev/PebbleSDK-2.0-BETA4/Pebble/lib/libpebble.a(tmp9Q2g01pebble.o)
 .text.action_bar_layer_destroy
                0x0000000000000000        0xc /Users/pythe/pebble-dev/PebbleSDK-2.0-BETA4/Pebble/lib/libpebble.a(tmp9Q2g01pebble.o)
 .text.action_bar_layer_get_layer
                0x0000000000000000        0xc /Users/pythe/pebble-dev/PebbleSDK-2.0-BETA4/Pebble/lib/libpebble.a(tmp9Q2g01pebble.o)
 .text.action_bar_layer_remove_from_window
                0x0000000000000000        0xc /Users/pythe/pebble-dev/PebbleSDK-2.0-BETA4/Pebble/lib/libpebble.a(tmp9Q2g01pebble.o)
 .text.action_bar_layer_set_background_color
                0x0000000000000000        0xc /Users/pythe/pebble-dev/PebbleSDK-2.0-BETA4/Pebble/lib/libpebble.a(tmp9Q2g01pebble.o)
 .text.action_bar_layer_set_click_config_provider
                0x0000000000000000        0xc /Users/pythe/pebble-dev/PebbleSDK-2.0-BETA4/Pebble/lib/libpebble.a(tmp9Q2g01pebble.o)
 .text.action_bar_layer_set_context
                0x0000000000000000        0xc /Users/pythe/pebble-dev/PebbleSDK-2.0-BETA4/Pebble/lib/libpebble.a(tmp9Q2g01pebble.o)
 .text.action_bar_layer_set_icon
                0x0000000000000000        0xc /Users/pythe/pebble-dev/PebbleSDK-2.0-BETA4/Pebble/lib/libpebble.a(tmp9Q2g01pebble.o)
 .text.animation_create
                0x0000000000000000        0xc /Users/pythe/pebble-dev/PebbleSDK-2.0-BETA4/Pebble/lib/libpebble.a(tmp9Q2g01pebble.o)
 .text.animation_destroy
                0x0000000000000000        0xc /Users/pythe/pebble-dev/PebbleSDK-2.0-BETA4/Pebble/lib/libpebble.a(tmp9Q2g01pebble.o)
 .text.animation_get_context
                0x0000000000000000        0xc /Users/pythe/pebble-dev/PebbleSDK-2.0-BETA4/Pebble/lib/libpebble.a(tmp9Q2g01pebble.o)
 .text.animation_is_scheduled
                0x0000000000000000        0xc /Users/pythe/pebble-dev/PebbleSDK-2.0-BETA4/Pebble/lib/libpebble.a(tmp9Q2g01pebble.o)
 .text.animation_schedule
                0x0000000000000000        0xc /Users/pythe/pebble-dev/PebbleSDK-2.0-BETA4/Pebble/lib/libpebble.a(tmp9Q2g01pebble.o)
 .text.animation_set_curve
                0x0000000000000000        0xc /Users/pythe/pebble-dev/PebbleSDK-2.0-BETA4/Pebble/lib/libpebble.a(tmp9Q2g01pebble.o)
 .text.animation_set_delay
                0x0000000000000000        0xc /Users/pythe/pebble-dev/PebbleSDK-2.0-BETA4/Pebble/lib/libpebble.a(tmp9Q2g01pebble.o)
 .text.animation_set_duration
                0x0000000000000000        0xc /Users/pythe/pebble-dev/PebbleSDK-2.0-BETA4/Pebble/lib/libpebble.a(tmp9Q2g01pebble.o)
 .text.animation_set_handlers
                0x0000000000000000        0xc /Users/pythe/pebble-dev/PebbleSDK-2.0-BETA4/Pebble/lib/libpebble.a(tmp9Q2g01pebble.o)
 .text.animation_set_implementation
                0x0000000000000000        0xc /Users/pythe/pebble-dev/PebbleSDK-2.0-BETA4/Pebble/lib/libpebble.a(tmp9Q2g01pebble.o)
 .text.animation_unschedule
                0x0000000000000000        0xc /Users/pythe/pebble-dev/PebbleSDK-2.0-BETA4/Pebble/lib/libpebble.a(tmp9Q2g01pebble.o)
 .text.animation_unschedule_all
                0x0000000000000000        0xc /Users/pythe/pebble-dev/PebbleSDK-2.0-BETA4/Pebble/lib/libpebble.a(tmp9Q2g01pebble.o)
 .text.app_comm_get_sniff_interval
                0x0000000000000000        0xc /Users/pythe/pebble-dev/PebbleSDK-2.0-BETA4/Pebble/lib/libpebble.a(tmp9Q2g01pebble.o)
 .text.app_comm_set_sniff_interval
                0x0000000000000000        0xc /Users/pythe/pebble-dev/PebbleSDK-2.0-BETA4/Pebble/lib/libpebble.a(tmp9Q2g01pebble.o)
 .text.app_message_deregister_callbacks
                0x0000000000000000        0xc /Users/pythe/pebble-dev/PebbleSDK-2.0-BETA4/Pebble/lib/libpebble.a(tmp9Q2g01pebble.o)
 .text.app_message_open
                0x0000000000000000        0xc /Users/pythe/pebble-dev/PebbleSDK-2.0-BETA4/Pebble/lib/libpebble.a(tmp9Q2g01pebble.o)
 .text.app_sync_deinit
                0x0000000000000000        0xc /Users/pythe/pebble-dev/PebbleSDK-2.0-BETA4/Pebble/lib/libpebble.a(tmp9Q2g01pebble.o)
 .text.app_sync_get
                0x0000000000000000        0xc /Users/pythe/pebble-dev/PebbleSDK-2.0-BETA4/Pebble/lib/libpebble.a(tmp9Q2g01pebble.o)
 .text.app_sync_init
                0x0000000000000000        0xc /Users/pythe/pebble-dev/PebbleSDK-2.0-BETA4/Pebble/lib/libpebble.a(tmp9Q2g01pebble.o)
 .text.app_sync_set
                0x0000000000000000        0xc /Users/pythe/pebble-dev/PebbleSDK-2.0-BETA4/Pebble/lib/libpebble.a(tmp9Q2g01pebble.o)
 .text.app_timer_cancel
                0x0000000000000000        0xc /Users/pythe/pebble-dev/PebbleSDK-2.0-BETA4/Pebble/lib/libpebble.a(tmp9Q2g01pebble.o)
 .text.app_timer_register
                0x0000000000000000        0xc /Users/pythe/pebble-dev/PebbleSDK-2.0-BETA4/Pebble/lib/libpebble.a(tmp9Q2g01pebble.o)
 .text.app_timer_reschedule
                0x0000000000000000        0xc /Users/pythe/pebble-dev/PebbleSDK-2.0-BETA4/Pebble/lib/libpebble.a(tmp9Q2g01pebble.o)
 .text.atan2_lookup
                0x0000000000000000        0xc /Users/pythe/pebble-dev/PebbleSDK-2.0-BETA4/Pebble/lib/libpebble.a(tmp9Q2g01pebble.o)
 .text.atol     0x0000000000000000        0xc /Users/pythe/pebble-dev/PebbleSDK-2.0-BETA4/Pebble/lib/libpebble.a(tmp9Q2g01pebble.o)
 .text.battery_state_service_peek
                0x0000000000000000        0xc /Users/pythe/pebble-dev/PebbleSDK-2.0-BETA4/Pebble/lib/libpebble.a(tmp9Q2g01pebble.o)
 .text.battery_state_service_subscribe
                0x0000000000000000        0xc /Users/pythe/pebble-dev/PebbleSDK-2.0-BETA4/Pebble/lib/libpebble.a(tmp9Q2g01pebble.o)
 .text.battery_state_service_unsubscribe
                0x0000000000000000        0xc /Users/pythe/pebble-dev/PebbleSDK-2.0-BETA4/Pebble/lib/libpebble.a(tmp9Q2g01pebble.o)
 .text.bitmap_layer_destroy
                0x0000000000000000        0xc /Users/pythe/pebble-dev/PebbleSDK-2.0-BETA4/Pebble/lib/libpebble.a(tmp9Q2g01pebble.o)
 .text.bitmap_layer_set_alignment
                0x0000000000000000        0xc /Users/pythe/pebble-dev/PebbleSDK-2.0-BETA4/Pebble/lib/libpebble.a(tmp9Q2g01pebble.o)
 .text.bitmap_layer_set_background_color
                0x0000000000000000        0xc /Users/pythe/pebble-dev/PebbleSDK-2.0-BETA4/Pebble/lib/libpebble.a(tmp9Q2g01pebble.o)
 .text.bitmap_layer_set_compositing_mode
                0x0000000000000000        0xc /Users/pythe/pebble-dev/PebbleSDK-2.0-BETA4/Pebble/lib/libpebble.a(tmp9Q2g01pebble.o)
 .text.bluetooth_connection_service_peek
                0x0000000000000000        0xc /Users/pythe/pebble-dev/PebbleSDK-2.0-BETA4/Pebble/lib/libpebble.a(tmp9Q2g01pebble.o)
 .text.bluetooth_connection_service_subscribe
                0x0000000000000000        0xc /Users/pythe/pebble-dev/PebbleSDK-2.0-BETA4/Pebble/lib/libpebble.a(tmp9Q2g01pebble.o)
 .text.bluetooth_connection_service_unsubscribe
                0x0000000000000000        0xc /Users/pythe/pebble-dev/PebbleSDK-2.0-BETA4/Pebble/lib/libpebble.a(tmp9Q2g01pebble.o)
 .text.click_number_of_clicks_counted
                0x0000000000000000        0xc /Users/pythe/pebble-dev/PebbleSDK-2.0-BETA4/Pebble/lib/libpebble.a(tmp9Q2g01pebble.o)
 .text.click_recognizer_get_button_id
                0x0000000000000000        0xc /Users/pythe/pebble-dev/PebbleSDK-2.0-BETA4/Pebble/lib/libpebble.a(tmp9Q2g01pebble.o)
 .text.clock_copy_time_string
                0x0000000000000000        0xc /Users/pythe/pebble-dev/PebbleSDK-2.0-BETA4/Pebble/lib/libpebble.a(tmp9Q2g01pebble.o)
 .text.cos_lookup
                0x0000000000000000        0xc /Users/pythe/pebble-dev/PebbleSDK-2.0-BETA4/Pebble/lib/libpebble.a(tmp9Q2g01pebble.o)
 .text.data_logging_create
                0x0000000000000000        0xc /Users/pythe/pebble-dev/PebbleSDK-2.0-BETA4/Pebble/lib/libpebble.a(tmp9Q2g01pebble.o)
 .text.data_logging_finish
                0x0000000000000000        0xc /Users/pythe/pebble-dev/PebbleSDK-2.0-BETA4/Pebble/lib/libpebble.a(tmp9Q2g01pebble.o)
 .text.data_logging_log
                0x0000000000000000        0xc /Users/pythe/pebble-dev/PebbleSDK-2.0-BETA4/Pebble/lib/libpebble.a(tmp9Q2g01pebble.o)
 .text.dict_calc_buffer_size
                0x0000000000000000        0xc /Users/pythe/pebble-dev/PebbleSDK-2.0-BETA4/Pebble/lib/libpebble.a(tmp9Q2g01pebble.o)
 .text.dict_calc_buffer_size_from_tuplets
                0x0000000000000000        0xc /Users/pythe/pebble-dev/PebbleSDK-2.0-BETA4/Pebble/lib/libpebble.a(tmp9Q2g01pebble.o)
 .text.dict_find
                0x0000000000000000        0xc /Users/pythe/pebble-dev/PebbleSDK-2.0-BETA4/Pebble/lib/libpebble.a(tmp9Q2g01pebble.o)
 .text.dict_merge
                0x0000000000000000        0xc /Users/pythe/pebble-dev/PebbleSDK-2.0-BETA4/Pebble/lib/libpebble.a(tmp9Q2g01pebble.o)
 .text.dict_read_begin_from_buffer
                0x0000000000000000        0xc /Users/pythe/pebble-dev/PebbleSDK-2.0-BETA4/Pebble/lib/libpebble.a(tmp9Q2g01pebble.o)
 .text.dict_read_first
                0x0000000000000000        0xc /Users/pythe/pebble-dev/PebbleSDK-2.0-BETA4/Pebble/lib/libpebble.a(tmp9Q2g01pebble.o)
 .text.dict_read_next
                0x0000000000000000        0xc /Users/pythe/pebble-dev/PebbleSDK-2.0-BETA4/Pebble/lib/libpebble.a(tmp9Q2g01pebble.o)
 .text.dict_serialize_tuplets
                0x0000000000000000        0xc /Users/pythe/pebble-dev/PebbleSDK-2.0-BETA4/Pebble/lib/libpebble.a(tmp9Q2g01pebble.o)
 .text.dict_serialize_tuplets_to_buffer__deprecated
                0x0000000000000000        0xc /Users/pythe/pebble-dev/PebbleSDK-2.0-BETA4/Pebble/lib/libpebble.a(tmp9Q2g01pebble.o)
 .text.dict_serialize_tuplets_to_buffer_with_iter
                0x0000000000000000        0xc /Users/pythe/pebble-dev/PebbleSDK-2.0-BETA4/Pebble/lib/libpebble.a(tmp9Q2g01pebble.o)
 .text.dict_write_begin
                0x0000000000000000        0xc /Users/pythe/pebble-dev/PebbleSDK-2.0-BETA4/Pebble/lib/libpebble.a(tmp9Q2g01pebble.o)
 .text.dict_write_cstring
                0x0000000000000000        0xc /Users/pythe/pebble-dev/PebbleSDK-2.0-BETA4/Pebble/lib/libpebble.a(tmp9Q2g01pebble.o)
 .text.dict_write_data
                0x0000000000000000        0xc /Users/pythe/pebble-dev/PebbleSDK-2.0-BETA4/Pebble/lib/libpebble.a(tmp9Q2g01pebble.o)
 .text.dict_write_end
                0x0000000000000000        0xc /Users/pythe/pebble-dev/PebbleSDK-2.0-BETA4/Pebble/lib/libpebble.a(tmp9Q2g01pebble.o)
 .text.dict_write_int
                0x0000000000000000        0xc /Users/pythe/pebble-dev/PebbleSDK-2.0-BETA4/Pebble/lib/libpebble.a(tmp9Q2g01pebble.o)
 .text.dict_write_int16
                0x0000000000000000        0xc /Users/pythe/pebble-dev/PebbleSDK-2.0-BETA4/Pebble/lib/libpebble.a(tmp9Q2g01pebble.o)
 .text.dict_write_int32
                0x0000000000000000        0xc /Users/pythe/pebble-dev/PebbleSDK-2.0-BETA4/Pebble/lib/libpebble.a(tmp9Q2g01pebble.o)
 .text.dict_write_int8
                0x0000000000000000        0xc /Users/pythe/pebble-dev/PebbleSDK-2.0-BETA4/Pebble/lib/libpebble.a(tmp9Q2g01pebble.o)
 .text.dict_write_tuplet
                0x0000000000000000        0xc /Users/pythe/pebble-dev/PebbleSDK-2.0-BETA4/Pebble/lib/libpebble.a(tmp9Q2g01pebble.o)
 .text.dict_write_uint16
                0x0000000000000000        0xc /Users/pythe/pebble-dev/PebbleSDK-2.0-BETA4/Pebble/lib/libpebble.a(tmp9Q2g01pebble.o)
 .text.dict_write_uint32
                0x0000000000000000        0xc /Users/pythe/pebble-dev/PebbleSDK-2.0-BETA4/Pebble/lib/libpebble.a(tmp9Q2g01pebble.o)
 .text.dict_write_uint8
                0x0000000000000000        0xc /Users/pythe/pebble-dev/PebbleSDK-2.0-BETA4/Pebble/lib/libpebble.a(tmp9Q2g01pebble.o)
 .text.fonts_get_system_font
                0x0000000000000000        0xc /Users/pythe/pebble-dev/PebbleSDK-2.0-BETA4/Pebble/lib/libpebble.a(tmp9Q2g01pebble.o)
 .text.fonts_unload_custom_font
                0x0000000000000000        0xc /Users/pythe/pebble-dev/PebbleSDK-2.0-BETA4/Pebble/lib/libpebble.a(tmp9Q2g01pebble.o)
 .text.free     0x0000000000000000        0xc /Users/pythe/pebble-dev/PebbleSDK-2.0-BETA4/Pebble/lib/libpebble.a(tmp9Q2g01pebble.o)
 .text.gbitmap_create_as_sub_bitmap
                0x0000000000000000        0xc /Users/pythe/pebble-dev/PebbleSDK-2.0-BETA4/Pebble/lib/libpebble.a(tmp9Q2g01pebble.o)
 .text.gbitmap_create_with_data
                0x0000000000000000        0xc /Users/pythe/pebble-dev/PebbleSDK-2.0-BETA4/Pebble/lib/libpebble.a(tmp9Q2g01pebble.o)
 .text.gbitmap_destroy
                0x0000000000000000        0xc /Users/pythe/pebble-dev/PebbleSDK-2.0-BETA4/Pebble/lib/libpebble.a(tmp9Q2g01pebble.o)
 .text.gmtime   0x0000000000000000        0xc /Users/pythe/pebble-dev/PebbleSDK-2.0-BETA4/Pebble/lib/libpebble.a(tmp9Q2g01pebble.o)
 .text.gpath_create
                0x0000000000000000        0xc /Users/pythe/pebble-dev/PebbleSDK-2.0-BETA4/Pebble/lib/libpebble.a(tmp9Q2g01pebble.o)
 .text.gpath_destroy
                0x0000000000000000        0xc /Users/pythe/pebble-dev/PebbleSDK-2.0-BETA4/Pebble/lib/libpebble.a(tmp9Q2g01pebble.o)
 .text.gpath_draw_filled
                0x0000000000000000        0xc /Users/pythe/pebble-dev/PebbleSDK-2.0-BETA4/Pebble/lib/libpebble.a(tmp9Q2g01pebble.o)
 .text.gpath_draw_outline
                0x0000000000000000        0xc /Users/pythe/pebble-dev/PebbleSDK-2.0-BETA4/Pebble/lib/libpebble.a(tmp9Q2g01pebble.o)
 .text.gpath_move_to
                0x0000000000000000        0xc /Users/pythe/pebble-dev/PebbleSDK-2.0-BETA4/Pebble/lib/libpebble.a(tmp9Q2g01pebble.o)
 .text.gpath_rotate_to
                0x0000000000000000        0xc /Users/pythe/pebble-dev/PebbleSDK-2.0-BETA4/Pebble/lib/libpebble.a(tmp9Q2g01pebble.o)
 .text.gpoint_equal
                0x0000000000000000        0xc /Users/pythe/pebble-dev/PebbleSDK-2.0-BETA4/Pebble/lib/libpebble.a(tmp9Q2g01pebble.o)
 .text.graphics_context_set_compositing_mode
                0x0000000000000000        0xc /Users/pythe/pebble-dev/PebbleSDK-2.0-BETA4/Pebble/lib/libpebble.a(tmp9Q2g01pebble.o)
 .text.graphics_context_set_fill_color
                0x0000000000000000        0xc /Users/pythe/pebble-dev/PebbleSDK-2.0-BETA4/Pebble/lib/libpebble.a(tmp9Q2g01pebble.o)
 .text.graphics_context_set_stroke_color
                0x0000000000000000        0xc /Users/pythe/pebble-dev/PebbleSDK-2.0-BETA4/Pebble/lib/libpebble.a(tmp9Q2g01pebble.o)
 .text.graphics_context_set_text_color
                0x0000000000000000        0xc /Users/pythe/pebble-dev/PebbleSDK-2.0-BETA4/Pebble/lib/libpebble.a(tmp9Q2g01pebble.o)
 .text.graphics_draw_bitmap_in_rect
                0x0000000000000000        0xc /Users/pythe/pebble-dev/PebbleSDK-2.0-BETA4/Pebble/lib/libpebble.a(tmp9Q2g01pebble.o)
 .text.graphics_draw_circle
                0x0000000000000000        0xc /Users/pythe/pebble-dev/PebbleSDK-2.0-BETA4/Pebble/lib/libpebble.a(tmp9Q2g01pebble.o)
 .text.graphics_draw_line
                0x0000000000000000        0xc /Users/pythe/pebble-dev/PebbleSDK-2.0-BETA4/Pebble/lib/libpebble.a(tmp9Q2g01pebble.o)
 .text.graphics_draw_pixel
                0x0000000000000000        0xc /Users/pythe/pebble-dev/PebbleSDK-2.0-BETA4/Pebble/lib/libpebble.a(tmp9Q2g01pebble.o)
 .text.graphics_draw_rect
                0x0000000000000000        0xc /Users/pythe/pebble-dev/PebbleSDK-2.0-BETA4/Pebble/lib/libpebble.a(tmp9Q2g01pebble.o)
 .text.graphics_draw_round_rect
                0x0000000000000000        0xc /Users/pythe/pebble-dev/PebbleSDK-2.0-BETA4/Pebble/lib/libpebble.a(tmp9Q2g01pebble.o)
 .text.graphics_fill_circle
                0x0000000000000000        0xc /Users/pythe/pebble-dev/PebbleSDK-2.0-BETA4/Pebble/lib/libpebble.a(tmp9Q2g01pebble.o)
 .text.graphics_fill_rect
                0x0000000000000000        0xc /Users/pythe/pebble-dev/PebbleSDK-2.0-BETA4/Pebble/lib/libpebble.a(tmp9Q2g01pebble.o)
 .text.graphics_text_layout_get_max_used_size
                0x0000000000000000        0xc /Users/pythe/pebble-dev/PebbleSDK-2.0-BETA4/Pebble/lib/libpebble.a(tmp9Q2g01pebble.o)
 .text.grect_align
                0x0000000000000000        0xc /Users/pythe/pebble-dev/PebbleSDK-2.0-BETA4/Pebble/lib/libpebble.a(tmp9Q2g01pebble.o)
 .text.grect_center_point
                0x0000000000000000        0xc /Users/pythe/pebble-dev/PebbleSDK-2.0-BETA4/Pebble/lib/libpebble.a(tmp9Q2g01pebble.o)
 .text.grect_clip
                0x0000000000000000        0xc /Users/pythe/pebble-dev/PebbleSDK-2.0-BETA4/Pebble/lib/libpebble.a(tmp9Q2g01pebble.o)
 .text.grect_contains_point
                0x0000000000000000        0xc /Users/pythe/pebble-dev/PebbleSDK-2.0-BETA4/Pebble/lib/libpebble.a(tmp9Q2g01pebble.o)
 .text.grect_crop
                0x0000000000000000        0xc /Users/pythe/pebble-dev/PebbleSDK-2.0-BETA4/Pebble/lib/libpebble.a(tmp9Q2g01pebble.o)
 .text.grect_equal
                0x0000000000000000        0xc /Users/pythe/pebble-dev/PebbleSDK-2.0-BETA4/Pebble/lib/libpebble.a(tmp9Q2g01pebble.o)
 .text.grect_is_empty
                0x0000000000000000        0xc /Users/pythe/pebble-dev/PebbleSDK-2.0-BETA4/Pebble/lib/libpebble.a(tmp9Q2g01pebble.o)
 .text.grect_standardize
                0x0000000000000000        0xc /Users/pythe/pebble-dev/PebbleSDK-2.0-BETA4/Pebble/lib/libpebble.a(tmp9Q2g01pebble.o)
 .text.gsize_equal
                0x0000000000000000        0xc /Users/pythe/pebble-dev/PebbleSDK-2.0-BETA4/Pebble/lib/libpebble.a(tmp9Q2g01pebble.o)
 .text.inverter_layer_create
                0x0000000000000000        0xc /Users/pythe/pebble-dev/PebbleSDK-2.0-BETA4/Pebble/lib/libpebble.a(tmp9Q2g01pebble.o)
 .text.inverter_layer_destroy
                0x0000000000000000        0xc /Users/pythe/pebble-dev/PebbleSDK-2.0-BETA4/Pebble/lib/libpebble.a(tmp9Q2g01pebble.o)
 .text.inverter_layer_get_layer
                0x0000000000000000        0xc /Users/pythe/pebble-dev/PebbleSDK-2.0-BETA4/Pebble/lib/libpebble.a(tmp9Q2g01pebble.o)
 .text.layer_create
                0x0000000000000000        0xc /Users/pythe/pebble-dev/PebbleSDK-2.0-BETA4/Pebble/lib/libpebble.a(tmp9Q2g01pebble.o)
 .text.layer_create_with_data
                0x0000000000000000        0xc /Users/pythe/pebble-dev/PebbleSDK-2.0-BETA4/Pebble/lib/libpebble.a(tmp9Q2g01pebble.o)
 .text.layer_destroy
                0x0000000000000000        0xc /Users/pythe/pebble-dev/PebbleSDK-2.0-BETA4/Pebble/lib/libpebble.a(tmp9Q2g01pebble.o)
 .text.layer_get_bounds
                0x0000000000000000        0xc /Users/pythe/pebble-dev/PebbleSDK-2.0-BETA4/Pebble/lib/libpebble.a(tmp9Q2g01pebble.o)
 .text.layer_get_clips
                0x0000000000000000        0xc /Users/pythe/pebble-dev/PebbleSDK-2.0-BETA4/Pebble/lib/libpebble.a(tmp9Q2g01pebble.o)
 .text.layer_get_data
                0x0000000000000000        0xc /Users/pythe/pebble-dev/PebbleSDK-2.0-BETA4/Pebble/lib/libpebble.a(tmp9Q2g01pebble.o)
 .text.layer_get_frame
                0x0000000000000000        0xc /Users/pythe/pebble-dev/PebbleSDK-2.0-BETA4/Pebble/lib/libpebble.a(tmp9Q2g01pebble.o)
 .text.layer_get_hidden
                0x0000000000000000        0xc /Users/pythe/pebble-dev/PebbleSDK-2.0-BETA4/Pebble/lib/libpebble.a(tmp9Q2g01pebble.o)
 .text.layer_get_window
                0x0000000000000000        0xc /Users/pythe/pebble-dev/PebbleSDK-2.0-BETA4/Pebble/lib/libpebble.a(tmp9Q2g01pebble.o)
 .text.layer_insert_above_sibling
                0x0000000000000000        0xc /Users/pythe/pebble-dev/PebbleSDK-2.0-BETA4/Pebble/lib/libpebble.a(tmp9Q2g01pebble.o)
 .text.layer_insert_below_sibling
                0x0000000000000000        0xc /Users/pythe/pebble-dev/PebbleSDK-2.0-BETA4/Pebble/lib/libpebble.a(tmp9Q2g01pebble.o)
 .text.layer_mark_dirty
                0x0000000000000000        0xc /Users/pythe/pebble-dev/PebbleSDK-2.0-BETA4/Pebble/lib/libpebble.a(tmp9Q2g01pebble.o)
 .text.layer_remove_child_layers
                0x0000000000000000        0xc /Users/pythe/pebble-dev/PebbleSDK-2.0-BETA4/Pebble/lib/libpebble.a(tmp9Q2g01pebble.o)
 .text.layer_remove_from_parent
                0x0000000000000000        0xc /Users/pythe/pebble-dev/PebbleSDK-2.0-BETA4/Pebble/lib/libpebble.a(tmp9Q2g01pebble.o)
 .text.layer_set_bounds
                0x0000000000000000        0xc /Users/pythe/pebble-dev/PebbleSDK-2.0-BETA4/Pebble/lib/libpebble.a(tmp9Q2g01pebble.o)
 .text.layer_set_clips
                0x0000000000000000        0xc /Users/pythe/pebble-dev/PebbleSDK-2.0-BETA4/Pebble/lib/libpebble.a(tmp9Q2g01pebble.o)
 .text.layer_set_frame
                0x0000000000000000        0xc /Users/pythe/pebble-dev/PebbleSDK-2.0-BETA4/Pebble/lib/libpebble.a(tmp9Q2g01pebble.o)
 .text.layer_set_hidden
                0x0000000000000000        0xc /Users/pythe/pebble-dev/PebbleSDK-2.0-BETA4/Pebble/lib/libpebble.a(tmp9Q2g01pebble.o)
 .text.layer_set_update_proc
                0x0000000000000000        0xc /Users/pythe/pebble-dev/PebbleSDK-2.0-BETA4/Pebble/lib/libpebble.a(tmp9Q2g01pebble.o)
 .text.light_enable
                0x0000000000000000        0xc /Users/pythe/pebble-dev/PebbleSDK-2.0-BETA4/Pebble/lib/libpebble.a(tmp9Q2g01pebble.o)
 .text.light_enable_interaction
                0x0000000000000000        0xc /Users/pythe/pebble-dev/PebbleSDK-2.0-BETA4/Pebble/lib/libpebble.a(tmp9Q2g01pebble.o)
 .text.localtime
                0x0000000000000000        0xc /Users/pythe/pebble-dev/PebbleSDK-2.0-BETA4/Pebble/lib/libpebble.a(tmp9Q2g01pebble.o)
 .text.malloc   0x0000000000000000        0xc /Users/pythe/pebble-dev/PebbleSDK-2.0-BETA4/Pebble/lib/libpebble.a(tmp9Q2g01pebble.o)
 .text.memcpy   0x0000000000000000        0xc /Users/pythe/pebble-dev/PebbleSDK-2.0-BETA4/Pebble/lib/libpebble.a(tmp9Q2g01pebble.o)
 .text.menu_cell_basic_draw
                0x0000000000000000        0xc /Users/pythe/pebble-dev/PebbleSDK-2.0-BETA4/Pebble/lib/libpebble.a(tmp9Q2g01pebble.o)
 .text.menu_cell_basic_header_draw
                0x0000000000000000        0xc /Users/pythe/pebble-dev/PebbleSDK-2.0-BETA4/Pebble/lib/libpebble.a(tmp9Q2g01pebble.o)
 .text.menu_cell_title_draw
                0x0000000000000000        0xc /Users/pythe/pebble-dev/PebbleSDK-2.0-BETA4/Pebble/lib/libpebble.a(tmp9Q2g01pebble.o)
 .text.menu_index_compare
                0x0000000000000000        0xc /Users/pythe/pebble-dev/PebbleSDK-2.0-BETA4/Pebble/lib/libpebble.a(tmp9Q2g01pebble.o)
 .text.menu_layer_create
                0x0000000000000000        0xc /Users/pythe/pebble-dev/PebbleSDK-2.0-BETA4/Pebble/lib/libpebble.a(tmp9Q2g01pebble.o)
 .text.menu_layer_destroy
                0x0000000000000000        0xc /Users/pythe/pebble-dev/PebbleSDK-2.0-BETA4/Pebble/lib/libpebble.a(tmp9Q2g01pebble.o)
 .text.menu_layer_get_layer
                0x0000000000000000        0xc /Users/pythe/pebble-dev/PebbleSDK-2.0-BETA4/Pebble/lib/libpebble.a(tmp9Q2g01pebble.o)
 .text.menu_layer_get_scroll_layer
                0x0000000000000000        0xc /Users/pythe/pebble-dev/PebbleSDK-2.0-BETA4/Pebble/lib/libpebble.a(tmp9Q2g01pebble.o)
 .text.menu_layer_get_selected_index
                0x0000000000000000        0xc /Users/pythe/pebble-dev/PebbleSDK-2.0-BETA4/Pebble/lib/libpebble.a(tmp9Q2g01pebble.o)
 .text.menu_layer_reload_data
                0x0000000000000000        0xc /Users/pythe/pebble-dev/PebbleSDK-2.0-BETA4/Pebble/lib/libpebble.a(tmp9Q2g01pebble.o)
 .text.menu_layer_set_callbacks
                0x0000000000000000        0xc /Users/pythe/pebble-dev/PebbleSDK-2.0-BETA4/Pebble/lib/libpebble.a(tmp9Q2g01pebble.o)
 .text.menu_layer_set_click_config_onto_window
                0x0000000000000000        0xc /Users/pythe/pebble-dev/PebbleSDK-2.0-BETA4/Pebble/lib/libpebble.a(tmp9Q2g01pebble.o)
 .text.menu_layer_set_selected_index
                0x0000000000000000        0xc /Users/pythe/pebble-dev/PebbleSDK-2.0-BETA4/Pebble/lib/libpebble.a(tmp9Q2g01pebble.o)
 .text.menu_layer_set_selected_next
                0x0000000000000000        0xc /Users/pythe/pebble-dev/PebbleSDK-2.0-BETA4/Pebble/lib/libpebble.a(tmp9Q2g01pebble.o)
 .text.number_window_create
                0x0000000000000000        0xc /Users/pythe/pebble-dev/PebbleSDK-2.0-BETA4/Pebble/lib/libpebble.a(tmp9Q2g01pebble.o)
 .text.number_window_destroy
                0x0000000000000000        0xc /Users/pythe/pebble-dev/PebbleSDK-2.0-BETA4/Pebble/lib/libpebble.a(tmp9Q2g01pebble.o)
 .text.number_window_get_value
                0x0000000000000000        0xc /Users/pythe/pebble-dev/PebbleSDK-2.0-BETA4/Pebble/lib/libpebble.a(tmp9Q2g01pebble.o)
 .text.number_window_set_label
                0x0000000000000000        0xc /Users/pythe/pebble-dev/PebbleSDK-2.0-BETA4/Pebble/lib/libpebble.a(tmp9Q2g01pebble.o)
 .text.number_window_set_max
                0x0000000000000000        0xc /Users/pythe/pebble-dev/PebbleSDK-2.0-BETA4/Pebble/lib/libpebble.a(tmp9Q2g01pebble.o)
 .text.number_window_set_min
                0x0000000000000000        0xc /Users/pythe/pebble-dev/PebbleSDK-2.0-BETA4/Pebble/lib/libpebble.a(tmp9Q2g01pebble.o)
 .text.number_window_set_step_size
                0x0000000000000000        0xc /Users/pythe/pebble-dev/PebbleSDK-2.0-BETA4/Pebble/lib/libpebble.a(tmp9Q2g01pebble.o)
 .text.number_window_set_value
                0x0000000000000000        0xc /Users/pythe/pebble-dev/PebbleSDK-2.0-BETA4/Pebble/lib/libpebble.a(tmp9Q2g01pebble.o)
 .text.persist_delete
                0x0000000000000000        0xc /Users/pythe/pebble-dev/PebbleSDK-2.0-BETA4/Pebble/lib/libpebble.a(tmp9Q2g01pebble.o)
 .text.persist_exists
                0x0000000000000000        0xc /Users/pythe/pebble-dev/PebbleSDK-2.0-BETA4/Pebble/lib/libpebble.a(tmp9Q2g01pebble.o)
 .text.persist_get_size
                0x0000000000000000        0xc /Users/pythe/pebble-dev/PebbleSDK-2.0-BETA4/Pebble/lib/libpebble.a(tmp9Q2g01pebble.o)
 .text.persist_read_bool
                0x0000000000000000        0xc /Users/pythe/pebble-dev/PebbleSDK-2.0-BETA4/Pebble/lib/libpebble.a(tmp9Q2g01pebble.o)
 .text.persist_read_data__deprecated
                0x0000000000000000        0xc /Users/pythe/pebble-dev/PebbleSDK-2.0-BETA4/Pebble/lib/libpebble.a(tmp9Q2g01pebble.o)
 .text.persist_read_int
                0x0000000000000000        0xc /Users/pythe/pebble-dev/PebbleSDK-2.0-BETA4/Pebble/lib/libpebble.a(tmp9Q2g01pebble.o)
 .text.persist_read_string__deprecated
                0x0000000000000000        0xc /Users/pythe/pebble-dev/PebbleSDK-2.0-BETA4/Pebble/lib/libpebble.a(tmp9Q2g01pebble.o)
 .text.persist_write_bool
                0x0000000000000000        0xc /Users/pythe/pebble-dev/PebbleSDK-2.0-BETA4/Pebble/lib/libpebble.a(tmp9Q2g01pebble.o)
 .text.persist_write_data__deprecated
                0x0000000000000000        0xc /Users/pythe/pebble-dev/PebbleSDK-2.0-BETA4/Pebble/lib/libpebble.a(tmp9Q2g01pebble.o)
 .text.persist_write_int
                0x0000000000000000        0xc /Users/pythe/pebble-dev/PebbleSDK-2.0-BETA4/Pebble/lib/libpebble.a(tmp9Q2g01pebble.o)
 .text.persist_write_string
                0x0000000000000000        0xc /Users/pythe/pebble-dev/PebbleSDK-2.0-BETA4/Pebble/lib/libpebble.a(tmp9Q2g01pebble.o)
 .text.property_animation_create
                0x0000000000000000        0xc /Users/pythe/pebble-dev/PebbleSDK-2.0-BETA4/Pebble/lib/libpebble.a(tmp9Q2g01pebble.o)
 .text.property_animation_create_layer_frame
                0x0000000000000000        0xc /Users/pythe/pebble-dev/PebbleSDK-2.0-BETA4/Pebble/lib/libpebble.a(tmp9Q2g01pebble.o)
 .text.property_animation_destroy
                0x0000000000000000        0xc /Users/pythe/pebble-dev/PebbleSDK-2.0-BETA4/Pebble/lib/libpebble.a(tmp9Q2g01pebble.o)
 .text.property_animation_update_gpoint
                0x0000000000000000        0xc /Users/pythe/pebble-dev/PebbleSDK-2.0-BETA4/Pebble/lib/libpebble.a(tmp9Q2g01pebble.o)
 .text.property_animation_update_grect
                0x0000000000000000        0xc /Users/pythe/pebble-dev/PebbleSDK-2.0-BETA4/Pebble/lib/libpebble.a(tmp9Q2g01pebble.o)
 .text.property_animation_update_int16
                0x0000000000000000        0xc /Users/pythe/pebble-dev/PebbleSDK-2.0-BETA4/Pebble/lib/libpebble.a(tmp9Q2g01pebble.o)
 .text.psleep   0x0000000000000000        0xc /Users/pythe/pebble-dev/PebbleSDK-2.0-BETA4/Pebble/lib/libpebble.a(tmp9Q2g01pebble.o)
 .text.rand     0x0000000000000000        0xc /Users/pythe/pebble-dev/PebbleSDK-2.0-BETA4/Pebble/lib/libpebble.a(tmp9Q2g01pebble.o)
 .text.resource_load
                0x0000000000000000        0xc /Users/pythe/pebble-dev/PebbleSDK-2.0-BETA4/Pebble/lib/libpebble.a(tmp9Q2g01pebble.o)
 .text.resource_load_byte_range
                0x0000000000000000        0xc /Users/pythe/pebble-dev/PebbleSDK-2.0-BETA4/Pebble/lib/libpebble.a(tmp9Q2g01pebble.o)
 .text.resource_size
                0x0000000000000000        0xc /Users/pythe/pebble-dev/PebbleSDK-2.0-BETA4/Pebble/lib/libpebble.a(tmp9Q2g01pebble.o)
 .text.rot_bitmap_layer_create
                0x0000000000000000        0xc /Users/pythe/pebble-dev/PebbleSDK-2.0-BETA4/Pebble/lib/libpebble.a(tmp9Q2g01pebble.o)
 .text.rot_bitmap_layer_destroy
                0x0000000000000000        0xc /Users/pythe/pebble-dev/PebbleSDK-2.0-BETA4/Pebble/lib/libpebble.a(tmp9Q2g01pebble.o)
 .text.rot_bitmap_layer_increment_angle
                0x0000000000000000        0xc /Users/pythe/pebble-dev/PebbleSDK-2.0-BETA4/Pebble/lib/libpebble.a(tmp9Q2g01pebble.o)
 .text.rot_bitmap_layer_set_angle
                0x0000000000000000        0xc /Users/pythe/pebble-dev/PebbleSDK-2.0-BETA4/Pebble/lib/libpebble.a(tmp9Q2g01pebble.o)
 .text.rot_bitmap_layer_set_corner_clip_color
                0x0000000000000000        0xc /Users/pythe/pebble-dev/PebbleSDK-2.0-BETA4/Pebble/lib/libpebble.a(tmp9Q2g01pebble.o)
 .text.rot_bitmap_set_compositing_mode
                0x0000000000000000        0xc /Users/pythe/pebble-dev/PebbleSDK-2.0-BETA4/Pebble/lib/libpebble.a(tmp9Q2g01pebble.o)
 .text.rot_bitmap_set_src_ic
                0x0000000000000000        0xc /Users/pythe/pebble-dev/PebbleSDK-2.0-BETA4/Pebble/lib/libpebble.a(tmp9Q2g01pebble.o)
 .text.scroll_layer_add_child
                0x0000000000000000        0xc /Users/pythe/pebble-dev/PebbleSDK-2.0-BETA4/Pebble/lib/libpebble.a(tmp9Q2g01pebble.o)
 .text.scroll_layer_create
                0x0000000000000000        0xc /Users/pythe/pebble-dev/PebbleSDK-2.0-BETA4/Pebble/lib/libpebble.a(tmp9Q2g01pebble.o)
 .text.scroll_layer_destroy
                0x0000000000000000        0xc /Users/pythe/pebble-dev/PebbleSDK-2.0-BETA4/Pebble/lib/libpebble.a(tmp9Q2g01pebble.o)
 .text.scroll_layer_get_content_offset
                0x0000000000000000        0xc /Users/pythe/pebble-dev/PebbleSDK-2.0-BETA4/Pebble/lib/libpebble.a(tmp9Q2g01pebble.o)
 .text.scroll_layer_get_content_size
                0x0000000000000000        0xc /Users/pythe/pebble-dev/PebbleSDK-2.0-BETA4/Pebble/lib/libpebble.a(tmp9Q2g01pebble.o)
 .text.scroll_layer_get_layer
                0x0000000000000000        0xc /Users/pythe/pebble-dev/PebbleSDK-2.0-BETA4/Pebble/lib/libpebble.a(tmp9Q2g01pebble.o)
 .text.scroll_layer_get_shadow_hidden
                0x0000000000000000        0xc /Users/pythe/pebble-dev/PebbleSDK-2.0-BETA4/Pebble/lib/libpebble.a(tmp9Q2g01pebble.o)
 .text.scroll_layer_scroll_down_click_handler
                0x0000000000000000        0xc /Users/pythe/pebble-dev/PebbleSDK-2.0-BETA4/Pebble/lib/libpebble.a(tmp9Q2g01pebble.o)
 .text.scroll_layer_scroll_up_click_handler
                0x0000000000000000        0xc /Users/pythe/pebble-dev/PebbleSDK-2.0-BETA4/Pebble/lib/libpebble.a(tmp9Q2g01pebble.o)
 .text.scroll_layer_set_callbacks
                0x0000000000000000        0xc /Users/pythe/pebble-dev/PebbleSDK-2.0-BETA4/Pebble/lib/libpebble.a(tmp9Q2g01pebble.o)
 .text.scroll_layer_set_click_config_onto_window
                0x0000000000000000        0xc /Users/pythe/pebble-dev/PebbleSDK-2.0-BETA4/Pebble/lib/libpebble.a(tmp9Q2g01pebble.o)
 .text.scroll_layer_set_content_offset
                0x0000000000000000        0xc /Users/pythe/pebble-dev/PebbleSDK-2.0-BETA4/Pebble/lib/libpebble.a(tmp9Q2g01pebble.o)
 .text.scroll_layer_set_content_size
                0x0000000000000000        0xc /Users/pythe/pebble-dev/PebbleSDK-2.0-BETA4/Pebble/lib/libpebble.a(tmp9Q2g01pebble.o)
 .text.scroll_layer_set_context
                0x0000000000000000        0xc /Users/pythe/pebble-dev/PebbleSDK-2.0-BETA4/Pebble/lib/libpebble.a(tmp9Q2g01pebble.o)
 .text.scroll_layer_set_frame
                0x0000000000000000        0xc /Users/pythe/pebble-dev/PebbleSDK-2.0-BETA4/Pebble/lib/libpebble.a(tmp9Q2g01pebble.o)
 .text.scroll_layer_set_shadow_hidden
                0x0000000000000000        0xc /Users/pythe/pebble-dev/PebbleSDK-2.0-BETA4/Pebble/lib/libpebble.a(tmp9Q2g01pebble.o)
 .text.simple_menu_layer_create
                0x0000000000000000        0xc /Users/pythe/pebble-dev/PebbleSDK-2.0-BETA4/Pebble/lib/libpebble.a(tmp9Q2g01pebble.o)
 .text.simple_menu_layer_destroy
                0x0000000000000000        0xc /Users/pythe/pebble-dev/PebbleSDK-2.0-BETA4/Pebble/lib/libpebble.a(tmp9Q2g01pebble.o)
 .text.simple_menu_layer_get_layer
                0x0000000000000000        0xc /Users/pythe/pebble-dev/PebbleSDK-2.0-BETA4/Pebble/lib/libpebble.a(tmp9Q2g01pebble.o)
 .text.simple_menu_layer_get_selected_index
                0x0000000000000000        0xc /Users/pythe/pebble-dev/PebbleSDK-2.0-BETA4/Pebble/lib/libpebble.a(tmp9Q2g01pebble.o)
 .text.simple_menu_layer_set_selected_index
                0x0000000000000000        0xc /Users/pythe/pebble-dev/PebbleSDK-2.0-BETA4/Pebble/lib/libpebble.a(tmp9Q2g01pebble.o)
 .text.sin_lookup
                0x0000000000000000        0xc /Users/pythe/pebble-dev/PebbleSDK-2.0-BETA4/Pebble/lib/libpebble.a(tmp9Q2g01pebble.o)
 .text.snprintf
                0x0000000000000000        0xc /Users/pythe/pebble-dev/PebbleSDK-2.0-BETA4/Pebble/lib/libpebble.a(tmp9Q2g01pebble.o)
 .text.srand    0x0000000000000000        0xc /Users/pythe/pebble-dev/PebbleSDK-2.0-BETA4/Pebble/lib/libpebble.a(tmp9Q2g01pebble.o)
 .text.strcmp   0x0000000000000000        0xc /Users/pythe/pebble-dev/PebbleSDK-2.0-BETA4/Pebble/lib/libpebble.a(tmp9Q2g01pebble.o)
 .text.strcpy   0x0000000000000000        0xc /Users/pythe/pebble-dev/PebbleSDK-2.0-BETA4/Pebble/lib/libpebble.a(tmp9Q2g01pebble.o)
 .text.strlen   0x0000000000000000        0xc /Users/pythe/pebble-dev/PebbleSDK-2.0-BETA4/Pebble/lib/libpebble.a(tmp9Q2g01pebble.o)
 .text.strncat  0x0000000000000000        0xc /Users/pythe/pebble-dev/PebbleSDK-2.0-BETA4/Pebble/lib/libpebble.a(tmp9Q2g01pebble.o)
 .text.strncmp  0x0000000000000000        0xc /Users/pythe/pebble-dev/PebbleSDK-2.0-BETA4/Pebble/lib/libpebble.a(tmp9Q2g01pebble.o)
 .text.strncpy  0x0000000000000000        0xc /Users/pythe/pebble-dev/PebbleSDK-2.0-BETA4/Pebble/lib/libpebble.a(tmp9Q2g01pebble.o)
 .text.text_layer_destroy
                0x0000000000000000        0xc /Users/pythe/pebble-dev/PebbleSDK-2.0-BETA4/Pebble/lib/libpebble.a(tmp9Q2g01pebble.o)
 .text.text_layer_get_content_size
                0x0000000000000000        0xc /Users/pythe/pebble-dev/PebbleSDK-2.0-BETA4/Pebble/lib/libpebble.a(tmp9Q2g01pebble.o)
 .text.text_layer_get_text
                0x0000000000000000        0xc /Users/pythe/pebble-dev/PebbleSDK-2.0-BETA4/Pebble/lib/libpebble.a(tmp9Q2g01pebble.o)
 .text.text_layer_set_overflow_mode
                0x0000000000000000        0xc /Users/pythe/pebble-dev/PebbleSDK-2.0-BETA4/Pebble/lib/libpebble.a(tmp9Q2g01pebble.o)
 .text.text_layer_set_size
                0x0000000000000000        0xc /Users/pythe/pebble-dev/PebbleSDK-2.0-BETA4/Pebble/lib/libpebble.a(tmp9Q2g01pebble.o)
 .text.text_layer_set_text_alignment
                0x0000000000000000        0xc /Users/pythe/pebble-dev/PebbleSDK-2.0-BETA4/Pebble/lib/libpebble.a(tmp9Q2g01pebble.o)
 .text.time     0x0000000000000000        0xc /Users/pythe/pebble-dev/PebbleSDK-2.0-BETA4/Pebble/lib/libpebble.a(tmp9Q2g01pebble.o)
 .text.time_ms  0x0000000000000000        0xc /Users/pythe/pebble-dev/PebbleSDK-2.0-BETA4/Pebble/lib/libpebble.a(tmp9Q2g01pebble.o)
 .text.vibes_cancel
                0x0000000000000000        0xc /Users/pythe/pebble-dev/PebbleSDK-2.0-BETA4/Pebble/lib/libpebble.a(tmp9Q2g01pebble.o)
 .text.vibes_double_pulse
                0x0000000000000000        0xc /Users/pythe/pebble-dev/PebbleSDK-2.0-BETA4/Pebble/lib/libpebble.a(tmp9Q2g01pebble.o)
 .text.vibes_enqueue_custom_pattern
                0x0000000000000000        0xc /Users/pythe/pebble-dev/PebbleSDK-2.0-BETA4/Pebble/lib/libpebble.a(tmp9Q2g01pebble.o)
 .text.vibes_long_pulse
                0x0000000000000000        0xc /Users/pythe/pebble-dev/PebbleSDK-2.0-BETA4/Pebble/lib/libpebble.a(tmp9Q2g01pebble.o)
 .text.vibes_short_pulse
                0x0000000000000000        0xc /Users/pythe/pebble-dev/PebbleSDK-2.0-BETA4/Pebble/lib/libpebble.a(tmp9Q2g01pebble.o)
 .text.window_get_click_config_provider
                0x0000000000000000        0xc /Users/pythe/pebble-dev/PebbleSDK-2.0-BETA4/Pebble/lib/libpebble.a(tmp9Q2g01pebble.o)
 .text.window_get_fullscreen
                0x0000000000000000        0xc /Users/pythe/pebble-dev/PebbleSDK-2.0-BETA4/Pebble/lib/libpebble.a(tmp9Q2g01pebble.o)
 .text.window_is_loaded
                0x0000000000000000        0xc /Users/pythe/pebble-dev/PebbleSDK-2.0-BETA4/Pebble/lib/libpebble.a(tmp9Q2g01pebble.o)
 .text.window_set_click_config_provider
                0x0000000000000000        0xc /Users/pythe/pebble-dev/PebbleSDK-2.0-BETA4/Pebble/lib/libpebble.a(tmp9Q2g01pebble.o)
 .text.window_set_click_config_provider_with_context
                0x0000000000000000        0xc /Users/pythe/pebble-dev/PebbleSDK-2.0-BETA4/Pebble/lib/libpebble.a(tmp9Q2g01pebble.o)
 .text.window_set_fullscreen
                0x0000000000000000        0xc /Users/pythe/pebble-dev/PebbleSDK-2.0-BETA4/Pebble/lib/libpebble.a(tmp9Q2g01pebble.o)
 .text.window_set_status_bar_icon
                0x0000000000000000        0xc /Users/pythe/pebble-dev/PebbleSDK-2.0-BETA4/Pebble/lib/libpebble.a(tmp9Q2g01pebble.o)
 .text.window_stack_contains_window
                0x0000000000000000        0xc /Users/pythe/pebble-dev/PebbleSDK-2.0-BETA4/Pebble/lib/libpebble.a(tmp9Q2g01pebble.o)
 .text.window_stack_get_top_window
                0x0000000000000000        0xc /Users/pythe/pebble-dev/PebbleSDK-2.0-BETA4/Pebble/lib/libpebble.a(tmp9Q2g01pebble.o)
 .text.window_stack_pop
                0x0000000000000000        0xc /Users/pythe/pebble-dev/PebbleSDK-2.0-BETA4/Pebble/lib/libpebble.a(tmp9Q2g01pebble.o)
 .text.window_stack_pop_all
                0x0000000000000000        0xc /Users/pythe/pebble-dev/PebbleSDK-2.0-BETA4/Pebble/lib/libpebble.a(tmp9Q2g01pebble.o)
 .text.window_stack_remove
                0x0000000000000000        0xc /Users/pythe/pebble-dev/PebbleSDK-2.0-BETA4/Pebble/lib/libpebble.a(tmp9Q2g01pebble.o)
 .text.app_focus_service_subscribe
                0x0000000000000000        0xc /Users/pythe/pebble-dev/PebbleSDK-2.0-BETA4/Pebble/lib/libpebble.a(tmp9Q2g01pebble.o)
 .text.app_focus_service_unsubscribe
                0x0000000000000000        0xc /Users/pythe/pebble-dev/PebbleSDK-2.0-BETA4/Pebble/lib/libpebble.a(tmp9Q2g01pebble.o)
 .text.window_get_user_data
                0x0000000000000000        0xc /Users/pythe/pebble-dev/PebbleSDK-2.0-BETA4/Pebble/lib/libpebble.a(tmp9Q2g01pebble.o)
 .text.window_set_user_data
                0x0000000000000000        0xc /Users/pythe/pebble-dev/PebbleSDK-2.0-BETA4/Pebble/lib/libpebble.a(tmp9Q2g01pebble.o)
 .text.app_message_get_context
                0x0000000000000000        0xc /Users/pythe/pebble-dev/PebbleSDK-2.0-BETA4/Pebble/lib/libpebble.a(tmp9Q2g01pebble.o)
 .text.app_message_inbox_size_maximum
                0x0000000000000000        0xc /Users/pythe/pebble-dev/PebbleSDK-2.0-BETA4/Pebble/lib/libpebble.a(tmp9Q2g01pebble.o)
 .text.app_message_outbox_begin
                0x0000000000000000        0xc /Users/pythe/pebble-dev/PebbleSDK-2.0-BETA4/Pebble/lib/libpebble.a(tmp9Q2g01pebble.o)
 .text.app_message_outbox_send
                0x0000000000000000        0xc /Users/pythe/pebble-dev/PebbleSDK-2.0-BETA4/Pebble/lib/libpebble.a(tmp9Q2g01pebble.o)
 .text.app_message_outbox_size_maximum
                0x0000000000000000        0xc /Users/pythe/pebble-dev/PebbleSDK-2.0-BETA4/Pebble/lib/libpebble.a(tmp9Q2g01pebble.o)
 .text.app_message_register_inbox_dropped
                0x0000000000000000        0xc /Users/pythe/pebble-dev/PebbleSDK-2.0-BETA4/Pebble/lib/libpebble.a(tmp9Q2g01pebble.o)
 .text.app_message_register_inbox_received
                0x0000000000000000        0xc /Users/pythe/pebble-dev/PebbleSDK-2.0-BETA4/Pebble/lib/libpebble.a(tmp9Q2g01pebble.o)
 .text.app_message_register_outbox_failed
                0x0000000000000000        0xc /Users/pythe/pebble-dev/PebbleSDK-2.0-BETA4/Pebble/lib/libpebble.a(tmp9Q2g01pebble.o)
 .text.app_message_register_outbox_sent
                0x0000000000000000        0xc /Users/pythe/pebble-dev/PebbleSDK-2.0-BETA4/Pebble/lib/libpebble.a(tmp9Q2g01pebble.o)
 .text.app_message_set_context
                0x0000000000000000        0xc /Users/pythe/pebble-dev/PebbleSDK-2.0-BETA4/Pebble/lib/libpebble.a(tmp9Q2g01pebble.o)
 .text.window_long_click_subscribe
                0x0000000000000000        0xc /Users/pythe/pebble-dev/PebbleSDK-2.0-BETA4/Pebble/lib/libpebble.a(tmp9Q2g01pebble.o)
 .text.window_multi_click_subscribe
                0x0000000000000000        0xc /Users/pythe/pebble-dev/PebbleSDK-2.0-BETA4/Pebble/lib/libpebble.a(tmp9Q2g01pebble.o)
 .text.window_raw_click_subscribe
                0x0000000000000000        0xc /Users/pythe/pebble-dev/PebbleSDK-2.0-BETA4/Pebble/lib/libpebble.a(tmp9Q2g01pebble.o)
 .text.window_set_click_context
                0x0000000000000000        0xc /Users/pythe/pebble-dev/PebbleSDK-2.0-BETA4/Pebble/lib/libpebble.a(tmp9Q2g01pebble.o)
 .text.window_single_click_subscribe
                0x0000000000000000        0xc /Users/pythe/pebble-dev/PebbleSDK-2.0-BETA4/Pebble/lib/libpebble.a(tmp9Q2g01pebble.o)
 .text.window_single_repeating_click_subscribe
                0x0000000000000000        0xc /Users/pythe/pebble-dev/PebbleSDK-2.0-BETA4/Pebble/lib/libpebble.a(tmp9Q2g01pebble.o)
 .text.graphics_draw_text
                0x0000000000000000        0xc /Users/pythe/pebble-dev/PebbleSDK-2.0-BETA4/Pebble/lib/libpebble.a(tmp9Q2g01pebble.o)
 .text.dict_serialize_tuplets_to_buffer
                0x0000000000000000        0xc /Users/pythe/pebble-dev/PebbleSDK-2.0-BETA4/Pebble/lib/libpebble.a(tmp9Q2g01pebble.o)
 .text.persist_read_data
                0x0000000000000000        0xc /Users/pythe/pebble-dev/PebbleSDK-2.0-BETA4/Pebble/lib/libpebble.a(tmp9Q2g01pebble.o)
 .text.persist_read_string
                0x0000000000000000        0xc /Users/pythe/pebble-dev/PebbleSDK-2.0-BETA4/Pebble/lib/libpebble.a(tmp9Q2g01pebble.o)
 .text.persist_write_data
                0x0000000000000000        0xc /Users/pythe/pebble-dev/PebbleSDK-2.0-BETA4/Pebble/lib/libpebble.a(tmp9Q2g01pebble.o)
 .text.dict_size
                0x0000000000000000        0xc /Users/pythe/pebble-dev/PebbleSDK-2.0-BETA4/Pebble/lib/libpebble.a(tmp9Q2g01pebble.o)
 .text.graphics_text_layout_get_content_size
                0x0000000000000000        0xc /Users/pythe/pebble-dev/PebbleSDK-2.0-BETA4/Pebble/lib/libpebble.a(tmp9Q2g01pebble.o)
 .text.simple_menu_layer_get_menu_layer
                0x0000000000000000        0xc /Users/pythe/pebble-dev/PebbleSDK-2.0-BETA4/Pebble/lib/libpebble.a(tmp9Q2g01pebble.o)
 .text.accel_data_service_subscribe
                0x0000000000000000        0xc /Users/pythe/pebble-dev/PebbleSDK-2.0-BETA4/Pebble/lib/libpebble.a(tmp9Q2g01pebble.o)
 .text.calloc   0x0000000000000000        0xc /Users/pythe/pebble-dev/PebbleSDK-2.0-BETA4/Pebble/lib/libpebble.a(tmp9Q2g01pebble.o)
 .text          0x0000000000000000        0x0 /Users/pythe/pebble-dev/pebble-arm-cs-tools/bin/../lib/gcc/arm-none-eabi/4.6.3/thumb2/crtend.o
 .bss           0x0000000000000000        0x0 /Users/pythe/pebble-dev/pebble-arm-cs-tools/bin/../lib/gcc/arm-none-eabi/4.6.3/thumb2/crtend.o
 .eh_frame      0x0000000000000000        0x4 /Users/pythe/pebble-dev/pebble-arm-cs-tools/bin/../lib/gcc/arm-none-eabi/4.6.3/thumb2/crtend.o
 .jcr           0x0000000000000000        0x4 /Users/pythe/pebble-dev/pebble-arm-cs-tools/bin/../lib/gcc/arm-none-eabi/4.6.3/thumb2/crtend.o
 .text          0x0000000000000000        0x0 /Users/pythe/pebble-dev/pebble-arm-cs-tools/bin/../lib/gcc/arm-none-eabi/4.6.3/thumb2/crtn.o
 .bss           0x0000000000000000        0x0 /Users/pythe/pebble-dev/pebble-arm-cs-tools/bin/../lib/gcc/arm-none-eabi/4.6.3/thumb2/crtn.o
 .init          0x0000000000000000        0x8 /Users/pythe/pebble-dev/pebble-arm-cs-tools/bin/../lib/gcc/arm-none-eabi/4.6.3/thumb2/crtn.o
 .fini          0x0000000000000000        0x8 /Users/pythe/pebble-dev/pebble-arm-cs-tools/bin/../lib/gcc/arm-none-eabi/4.6.3/thumb2/crtn.o

Memory Configuration

Name             Origin             Length             Attributes
APP              0x0000000000000000 0x0000000000006000 xrw
*default*        0x0000000000000000 0xffffffffffffffff

Linker script and memory map

LOAD /Users/pythe/pebble-dev/pebble-arm-cs-tools/bin/../lib/gcc/arm-none-eabi/4.6.3/thumb2/crti.o
LOAD /Users/pythe/pebble-dev/pebble-arm-cs-tools/bin/../lib/gcc/arm-none-eabi/4.6.3/thumb2/crtbegin.o
LOAD src/more-than-meets-the-eye.c.11.o
LOAD appinfo.auto.c.11.o
LOAD /Users/pythe/pebble-dev/PebbleSDK-2.0-BETA4/Pebble/lib/libpebble.a
START GROUP
LOAD /Users/pythe/pebble-dev/pebble-arm-cs-tools/bin/../lib/gcc/arm-none-eabi/4.6.3/thumb2/libgcc.a
LOAD /Users/pythe/pebble-dev/pebble-arm-cs-tools/bin/../lib/gcc/arm-none-eabi/4.6.3/../../../../arm-none-eabi/lib/thumb2/libc.a
END GROUP
LOAD /Users/pythe/pebble-dev/pebble-arm-cs-tools/bin/../lib/gcc/arm-none-eabi/4.6.3/thumb2/crtend.o
LOAD /Users/pythe/pebble-dev/pebble-arm-cs-tools/bin/../lib/gcc/arm-none-eabi/4.6.3/thumb2/crtn.o

.header         0x0000000000000000       0x82
 *(.pbl_header)
 .pbl_header    0x0000000000000000       0x82 appinfo.auto.c.11.o
                0x0000000000000000                __pbl_app_info

.text           0x0000000000000084      0x6da
 *(.text)
 .text          0x0000000000000084       0x14 /Users/pythe/pebble-dev/PebbleSDK-2.0-BETA4/Pebble/lib/libpebble.a(tmp9Q2g01pebble.o)
 *(.text.*)
 .text.window_unload
                0x0000000000000098        0xe src/more-than-meets-the-eye.c.11.o
                0x0000000000000098                window_unload
 *fill*         0x00000000000000a6        0x2 00
 .text.handle_tap
                0x00000000000000a8       0xd8 src/more-than-meets-the-eye.c.11.o
                0x00000000000000a8                handle_tap
 .text.window_load
                0x0000000000000180      0x190 src/more-than-meets-the-eye.c.11.o
                0x0000000000000180                window_load
 .text.handle_minute_tick
                0x0000000000000310      0x154 src/more-than-meets-the-eye.c.11.o
                0x0000000000000310                handle_minute_tick
 .text.startup.main
                0x0000000000000464       0x90 src/more-than-meets-the-eye.c.11.o
                0x0000000000000464                main
 .text.accel_tap_service_subscribe
                0x00000000000004f4        0xc /Users/pythe/pebble-dev/PebbleSDK-2.0-BETA4/Pebble/lib/libpebble.a(tmp9Q2g01pebble.o)
                0x00000000000004f4                accel_tap_service_subscribe
 .text.accel_tap_service_unsubscribe
                0x0000000000000500        0xc /Users/pythe/pebble-dev/PebbleSDK-2.0-BETA4/Pebble/lib/libpebble.a(tmp9Q2g01pebble.o)
                0x0000000000000500                accel_tap_service_unsubscribe
 .text.app_event_loop
                0x000000000000050c        0xc /Users/pythe/pebble-dev/PebbleSDK-2.0-BETA4/Pebble/lib/libpebble.a(tmp9Q2g01pebble.o)
                0x000000000000050c                app_event_loop
 .text.app_log  0x0000000000000518        0xc /Users/pythe/pebble-dev/PebbleSDK-2.0-BETA4/Pebble/lib/libpebble.a(tmp9Q2g01pebble.o)
                0x0000000000000518                app_log
 .text.atoi     0x0000000000000524        0xc /Users/pythe/pebble-dev/PebbleSDK-2.0-BETA4/Pebble/lib/libpebble.a(tmp9Q2g01pebble.o)
                0x0000000000000524                atoi
 .text.bitmap_layer_create
                0x0000000000000530        0xc /Users/pythe/pebble-dev/PebbleSDK-2.0-BETA4/Pebble/lib/libpebble.a(tmp9Q2g01pebble.o)
                0x0000000000000530                bitmap_layer_create
 .text.bitmap_layer_get_layer
                0x000000000000053c        0xc /Users/pythe/pebble-dev/PebbleSDK-2.0-BETA4/Pebble/lib/libpebble.a(tmp9Q2g01pebble.o)
                0x000000000000053c                bitmap_layer_get_layer
 .text.bitmap_layer_set_bitmap
                0x0000000000000548        0xc /Users/pythe/pebble-dev/PebbleSDK-2.0-BETA4/Pebble/lib/libpebble.a(tmp9Q2g01pebble.o)
                0x0000000000000548                bitmap_layer_set_bitmap
 .text.clock_is_24h_style
                0x0000000000000554        0xc /Users/pythe/pebble-dev/PebbleSDK-2.0-BETA4/Pebble/lib/libpebble.a(tmp9Q2g01pebble.o)
                0x0000000000000554                clock_is_24h_style
 .text.fonts_load_custom_font
                0x0000000000000560        0xc /Users/pythe/pebble-dev/PebbleSDK-2.0-BETA4/Pebble/lib/libpebble.a(tmp9Q2g01pebble.o)
                0x0000000000000560                fonts_load_custom_font
 .text.gbitmap_create_with_resource
                0x000000000000056c        0xc /Users/pythe/pebble-dev/PebbleSDK-2.0-BETA4/Pebble/lib/libpebble.a(tmp9Q2g01pebble.o)
                0x000000000000056c                gbitmap_create_with_resource
 .text.layer_add_child
                0x0000000000000578        0xc /Users/pythe/pebble-dev/PebbleSDK-2.0-BETA4/Pebble/lib/libpebble.a(tmp9Q2g01pebble.o)
                0x0000000000000578                layer_add_child
 .text.memmove  0x0000000000000584        0xc /Users/pythe/pebble-dev/PebbleSDK-2.0-BETA4/Pebble/lib/libpebble.a(tmp9Q2g01pebble.o)
                0x0000000000000584                memmove
 .text.memset   0x0000000000000590        0xc /Users/pythe/pebble-dev/PebbleSDK-2.0-BETA4/Pebble/lib/libpebble.a(tmp9Q2g01pebble.o)
                0x0000000000000590                memset
 .text.resource_get_handle
                0x000000000000059c        0xc /Users/pythe/pebble-dev/PebbleSDK-2.0-BETA4/Pebble/lib/libpebble.a(tmp9Q2g01pebble.o)
                0x000000000000059c                resource_get_handle
 .text.strcat   0x00000000000005a8        0xc /Users/pythe/pebble-dev/PebbleSDK-2.0-BETA4/Pebble/lib/libpebble.a(tmp9Q2g01pebble.o)
                0x00000000000005a8                strcat
 .text.strftime
                0x00000000000005b4        0xc /Users/pythe/pebble-dev/PebbleSDK-2.0-BETA4/Pebble/lib/libpebble.a(tmp9Q2g01pebble.o)
                0x00000000000005b4                strftime
 .text.text_layer_create
                0x00000000000005c0        0xc /Users/pythe/pebble-dev/PebbleSDK-2.0-BETA4/Pebble/lib/libpebble.a(tmp9Q2g01pebble.o)
                0x00000000000005c0                text_layer_create
 .text.text_layer_get_layer
                0x00000000000005cc        0xc /Users/pythe/pebble-dev/PebbleSDK-2.0-BETA4/Pebble/lib/libpebble.a(tmp9Q2g01pebble.o)
                0x00000000000005cc                text_layer_get_layer
 .text.text_layer_set_background_color
                0x00000000000005d8        0xc /Users/pythe/pebble-dev/PebbleSDK-2.0-BETA4/Pebble/lib/libpebble.a(tmp9Q2g01pebble.o)
                0x00000000000005d8                text_layer_set_background_color
 .text.text_layer_set_font
                0x00000000000005e4        0xc /Users/pythe/pebble-dev/PebbleSDK-2.0-BETA4/Pebble/lib/libpebble.a(tmp9Q2g01pebble.o)
                0x00000000000005e4                text_layer_set_font
 .text.text_layer_set_text
                0x00000000000005f0        0xc /Users/pythe/pebble-dev/PebbleSDK-2.0-BETA4/Pebble/lib/libpebble.a(tmp9Q2g01pebble.o)
                0x00000000000005f0                text_layer_set_text
 .text.text_layer_set_text_color
                0x00000000000005fc        0xc /Users/pythe/pebble-dev/PebbleSDK-2.0-BETA4/Pebble/lib/libpebble.a(tmp9Q2g01pebble.o)
                0x00000000000005fc                text_layer_set_text_color
 .text.tick_timer_service_subscribe
                0x0000000000000608        0xc /Users/pythe/pebble-dev/PebbleSDK-2.0-BETA4/Pebble/lib/libpebble.a(tmp9Q2g01pebble.o)
                0x0000000000000608                tick_timer_service_subscribe
 .text.tick_timer_service_unsubscribe
                0x0000000000000614        0xc /Users/pythe/pebble-dev/PebbleSDK-2.0-BETA4/Pebble/lib/libpebble.a(tmp9Q2g01pebble.o)
                0x0000000000000614                tick_timer_service_unsubscribe
 .text.window_create
                0x0000000000000620        0xc /Users/pythe/pebble-dev/PebbleSDK-2.0-BETA4/Pebble/lib/libpebble.a(tmp9Q2g01pebble.o)
                0x0000000000000620                window_create
 .text.window_destroy
                0x000000000000062c        0xc /Users/pythe/pebble-dev/PebbleSDK-2.0-BETA4/Pebble/lib/libpebble.a(tmp9Q2g01pebble.o)
                0x000000000000062c                window_destroy
 .text.window_get_root_layer
                0x0000000000000638        0xc /Users/pythe/pebble-dev/PebbleSDK-2.0-BETA4/Pebble/lib/libpebble.a(tmp9Q2g01pebble.o)
                0x0000000000000638                window_get_root_layer
 .text.window_set_background_color
                0x0000000000000644        0xc /Users/pythe/pebble-dev/PebbleSDK-2.0-BETA4/Pebble/lib/libpebble.a(tmp9Q2g01pebble.o)
                0x0000000000000644                window_set_background_color
 .text.window_set_window_handlers
                0x0000000000000650        0xc /Users/pythe/pebble-dev/PebbleSDK-2.0-BETA4/Pebble/lib/libpebble.a(tmp9Q2g01pebble.o)
                0x0000000000000650                window_set_window_handlers
 .text.window_stack_push
                0x000000000000065c        0xc /Users/pythe/pebble-dev/PebbleSDK-2.0-BETA4/Pebble/lib/libpebble.a(tmp9Q2g01pebble.o)
                0x000000000000065c                window_stack_push
 *(.rodata)
 .rodata        0x0000000000000668       0x20 src/more-than-meets-the-eye.c.11.o
 *(.rodata*)
 .rodata.str1.1
                0x0000000000000688       0xd6 src/more-than-meets-the-eye.c.11.o
                                         0xd9 (size before relaxing)

.glue_7         0x0000000000000760        0x0
 .glue_7        0x0000000000000000        0x0 linker stubs

.glue_7t        0x0000000000000760        0x0
 .glue_7t       0x0000000000000000        0x0 linker stubs

.vfp11_veneer   0x0000000000000760        0x0
 .vfp11_veneer  0x0000000000000000        0x0 linker stubs

.v4_bx          0x0000000000000760        0x0
 .v4_bx         0x0000000000000000        0x0 linker stubs

.iplt           0x0000000000000760        0x0
 .iplt          0x0000000000000000        0x0 /Users/pythe/pebble-dev/pebble-arm-cs-tools/bin/../lib/gcc/arm-none-eabi/4.6.3/thumb2/crti.o

.rel.dyn        0x0000000000000760        0x0
 .rel.iplt      0x0000000000000000        0x0 /Users/pythe/pebble-dev/pebble-arm-cs-tools/bin/../lib/gcc/arm-none-eabi/4.6.3/thumb2/crti.o
 .rel.got       0x0000000000000000        0x0 /Users/pythe/pebble-dev/pebble-arm-cs-tools/bin/../lib/gcc/arm-none-eabi/4.6.3/thumb2/crti.o

.data           0x0000000000000760       0x22
 *(.data)
 .data          0x0000000000000760        0x0 /Users/pythe/pebble-dev/pebble-arm-cs-tools/bin/../lib/gcc/arm-none-eabi/4.6.3/thumb2/crti.o
 .data          0x0000000000000760        0x4 /Users/pythe/pebble-dev/pebble-arm-cs-tools/bin/../lib/gcc/arm-none-eabi/4.6.3/thumb2/crtbegin.o
                0x0000000000000760                __dso_handle
 .data          0x0000000000000764        0x0 src/more-than-meets-the-eye.c.11.o
 .data          0x0000000000000764        0x0 appinfo.auto.c.11.o
 .data          0x0000000000000764        0x0 /Users/pythe/pebble-dev/PebbleSDK-2.0-BETA4/Pebble/lib/libpebble.a(tmp9Q2g01pebble.o)
 .data          0x0000000000000764        0x0 /Users/pythe/pebble-dev/pebble-arm-cs-tools/bin/../lib/gcc/arm-none-eabi/4.6.3/thumb2/crtend.o
 .data          0x0000000000000764        0x0 /Users/pythe/pebble-dev/pebble-arm-cs-tools/bin/../lib/gcc/arm-none-eabi/4.6.3/thumb2/crtn.o
 *(.data.*)
 .data.date_text.6298
                0x0000000000000764        0xd src/more-than-meets-the-eye.c.11.o
 .data.parking_text.6299
                0x0000000000000771        0xb src/more-than-meets-the-eye.c.11.o
 .data.time_text.6297
                0x000000000000077c        0x6 src/more-than-meets-the-eye.c.11.o

.igot.plt       0x0000000000000784        0x0
 .igot.plt      0x0000000000000000        0x0 /Users/pythe/pebble-dev/pebble-arm-cs-tools/bin/../lib/gcc/arm-none-eabi/4.6.3/thumb2/crti.o

.got            0x0000000000000784       0x18
 .got           0x0000000000000784       0x18 /Users/pythe/pebble-dev/pebble-arm-cs-tools/bin/../lib/gcc/arm-none-eabi/4.6.3/thumb2/crti.o

.got.plt        0x000000000000079c        0xc
 .got.plt       0x000000000000079c        0xc /Users/pythe/pebble-dev/pebble-arm-cs-tools/bin/../lib/gcc/arm-none-eabi/4.6.3/thumb2/crti.o
                0x000000000000079c                _GLOBAL_OFFSET_TABLE_

.bss            0x00000000000007a8       0x38
 *(.bss)
 *(.bss.*)
 .bss.tap_count
                0x00000000000007a8        0x4 src/more-than-meets-the-eye.c.11.o
 .bss.weeks.6300
                0x00000000000007ac       0x14 src/more-than-meets-the-eye.c.11.o
 .bss.window    0x00000000000007c0        0x4 src/more-than-meets-the-eye.c.11.o
 COMMON         0x00000000000007c4       0x1c src/more-than-meets-the-eye.c.11.o
                0x00000000000007c4                logo_layer
                0x00000000000007c8                text_parking_layer
                0x00000000000007cc                autobots_bmp
                0x00000000000007d0                text_time_layer
                0x00000000000007d4                text_date_layer
                0x00000000000007d8                decepticons_bmp
                0x00000000000007dc                line_layer

DISCARD
 libc.a(*)
 libm.a(*)
 libgcc.a(*)
 *(.eh_frame)
OUTPUT(/Users/pythe/workspace/more-than-meets-the-eye/build/pebble-app.elf elf32-littlearm)

.ARM.attributes
                0x0000000000000000       0x27
 .ARM.attributes
                0x0000000000000000       0x1b /Users/pythe/pebble-dev/pebble-arm-cs-tools/bin/../lib/gcc/arm-none-eabi/4.6.3/thumb2/crti.o
 .ARM.attributes
                0x000000000000001b       0x2b /Users/pythe/pebble-dev/pebble-arm-cs-tools/bin/../lib/gcc/arm-none-eabi/4.6.3/thumb2/crtbegin.o
 .ARM.attributes
                0x0000000000000046       0x33 src/more-than-meets-the-eye.c.11.o
 .ARM.attributes
                0x0000000000000079       0x33 appinfo.auto.c.11.o
 .ARM.attributes
                0x00000000000000ac       0x21 /Users/pythe/pebble-dev/PebbleSDK-2.0-BETA4/Pebble/lib/libpebble.a(tmp9Q2g01pebble.o)
 .ARM.attributes
                0x00000000000000cd       0x2b /Users/pythe/pebble-dev/pebble-arm-cs-tools/bin/../lib/gcc/arm-none-eabi/4.6.3/thumb2/crtend.o
 .ARM.attributes
                0x00000000000000f8       0x1b /Users/pythe/pebble-dev/pebble-arm-cs-tools/bin/../lib/gcc/arm-none-eabi/4.6.3/thumb2/crtn.o

.comment        0x0000000000000000       0x4e
 .comment       0x0000000000000000       0x4e /Users/pythe/pebble-dev/pebble-arm-cs-tools/bin/../lib/gcc/arm-none-eabi/4.6.3/thumb2/crtbegin.o
                                         0x4f (size before relaxing)
 .comment       0x0000000000000000       0x4f src/more-than-meets-the-eye.c.11.o
 .comment       0x0000000000000000       0x4f appinfo.auto.c.11.o
 .comment       0x0000000000000000       0x4f /Users/pythe/pebble-dev/pebble-arm-cs-tools/bin/../lib/gcc/arm-none-eabi/4.6.3/thumb2/crtend.o

.debug_line     0x0000000000000000      0x454
 .debug_line    0x0000000000000000       0x71 /Users/pythe/pebble-dev/pebble-arm-cs-tools/bin/../lib/gcc/arm-none-eabi/4.6.3/thumb2/crti.o
 .debug_line    0x0000000000000071      0x257 src/more-than-meets-the-eye.c.11.o
 .debug_line    0x00000000000002c8      0x117 appinfo.auto.c.11.o
 .debug_line    0x00000000000003df       0x75 /Users/pythe/pebble-dev/pebble-arm-cs-tools/bin/../lib/gcc/arm-none-eabi/4.6.3/thumb2/crtn.o

.debug_info     0x0000000000000000      0xbd6
 .debug_info    0x0000000000000000       0x97 /Users/pythe/pebble-dev/pebble-arm-cs-tools/bin/../lib/gcc/arm-none-eabi/4.6.3/thumb2/crti.o
 .debug_info    0x0000000000000097      0x746 src/more-than-meets-the-eye.c.11.o
 .debug_info    0x00000000000007dd      0x362 appinfo.auto.c.11.o
 .debug_info    0x0000000000000b3f       0x97 /Users/pythe/pebble-dev/pebble-arm-cs-tools/bin/../lib/gcc/arm-none-eabi/4.6.3/thumb2/crtn.o

.debug_abbrev   0x0000000000000000      0x2fe
 .debug_abbrev  0x0000000000000000       0x12 /Users/pythe/pebble-dev/pebble-arm-cs-tools/bin/../lib/gcc/arm-none-eabi/4.6.3/thumb2/crti.o
 .debug_abbrev  0x0000000000000012      0x22b src/more-than-meets-the-eye.c.11.o
 .debug_abbrev  0x000000000000023d       0xaf appinfo.auto.c.11.o
 .debug_abbrev  0x00000000000002ec       0x12 /Users/pythe/pebble-dev/pebble-arm-cs-tools/bin/../lib/gcc/arm-none-eabi/4.6.3/thumb2/crtn.o

.debug_aranges  0x0000000000000000       0x90
 .debug_aranges
                0x0000000000000000       0x28 /Users/pythe/pebble-dev/pebble-arm-cs-tools/bin/../lib/gcc/arm-none-eabi/4.6.3/thumb2/crti.o
 .debug_aranges
                0x0000000000000028       0x40 src/more-than-meets-the-eye.c.11.o
 .debug_aranges
                0x0000000000000068       0x28 /Users/pythe/pebble-dev/pebble-arm-cs-tools/bin/../lib/gcc/arm-none-eabi/4.6.3/thumb2/crtn.o

.debug_ranges   0x0000000000000000       0xa0
 .debug_ranges  0x0000000000000000       0x20 /Users/pythe/pebble-dev/pebble-arm-cs-tools/bin/../lib/gcc/arm-none-eabi/4.6.3/thumb2/crti.o
 .debug_ranges  0x0000000000000020       0x60 src/more-than-meets-the-eye.c.11.o
 .debug_ranges  0x0000000000000080       0x20 /Users/pythe/pebble-dev/pebble-arm-cs-tools/bin/../lib/gcc/arm-none-eabi/4.6.3/thumb2/crtn.o

.debug_loc      0x0000000000000000      0x1cf
 .debug_loc     0x0000000000000000      0x1cf src/more-than-meets-the-eye.c.11.o

.debug_str      0x0000000000000000      0x6bc
 .debug_str     0x0000000000000000      0x4e9 src/more-than-meets-the-eye.c.11.o
                                        0x562 (size before relaxing)
 .debug_str     0x00000000000004e9      0x1d3 appinfo.auto.c.11.o
                                        0x379 (size before relaxing)

.debug_frame    0x0000000000000000       0xa8
 .debug_frame   0x0000000000000000       0xa8 src/more-than-meets-the-eye.c.11.o
